// Jest Snapshot v1, https://goo.gl/fbAQLP

exports[`Header should renders correctly 1`] = `
Array [
  <div>
    <nav>
      <div
        className="nav-wrapper"
      >
        <div
          className="container"
        >
          <a
            className="brand-logo"
            href="/"
            onClick={[Function]}
          >
            <img
              alt="logo"
              className="logo"
              src={
                Object {
                  "default": "test-file-stub",
                }
              }
            />
          </a>
          <a
            className="sidenav-trigger"
            data-target="nav-mobile"
            href="#"
          >
            <i
              className="material-icons"
            >
              menu
            </i>
          </a>
          <ul
            className="right hide-on-med-and-down"
            id="nav-desktop"
          >
            <li
              className=""
            >
              <a
                href="/react"
                onClick={[Function]}
              >
                header.react
              </a>
            </li>
            <li
              className="active"
            >
              <a
                className="dropdown-button"
                data-target="header-dropdown-desktop"
                href="#"
              >
                header.dropdown
                <i
                  className="material-icons right"
                >
                  arrow_drop_down
                </i>
              </a>
            </li>
            <li
              className=""
            >
              <a
                href="/404"
                onClick={[Function]}
              >
                header.notfound
              </a>
            </li>
            <Dropdown
              dropdownLists={
                Array [
                  "parallax",
                ]
              }
              id="header-dropdown-desktop"
            />
          </ul>
        </div>
      </div>
    </nav>
    <ul
      className="sidenav"
      id="nav-mobile"
    >
      <li
        className=""
      >
        <a
          href="/react"
          onClick={[Function]}
        >
          header.react
        </a>
      </li>
      <li
        className="active"
      >
        <a
          className="dropdown-button"
          data-target="header-dropdown-mobile"
          href="#"
        >
          header.dropdown
          <i
            className="material-icons right"
          >
            arrow_drop_down
          </i>
        </a>
      </li>
      <li
        className=""
      >
        <a
          href="/404"
          onClick={[Function]}
        >
          header.notfound
        </a>
      </li>
      <Dropdown
        dropdownLists={
          Array [
            "parallax",
          ]
        }
        id="header-dropdown-mobile"
      />
    </ul>
  </div>,
  ",",
]
`;
