// Jest Snapshot v1, https://goo.gl/fbAQLP

exports[`ContentLoader should renders correctly 1`] = `
<div
  className="contentLoader"
>
  <ContentLoader
    height={326}
    primaryColor="#f3f3f3"
    secondaryColor="#ecebeb"
    speed={2}
    width={400}
  >
    <rect
      height="30.68"
      rx="4"
      ry="4"
      width="210"
      x="93"
      y="24"
    />
    <rect
      height="193.63"
      rx="4"
      ry="4"
      width="330.24"
      x="36"
      y="92.05"
    />
  </ContentLoader>
</div>
`;
