// Jest Snapshot v1, https://goo.gl/fbAQLP

exports[`FetchNote should renders correctly 1`] = `
<div
  className="center-align z-depth-2 fetch-note-layout"
>
  <span
    className="fetch-note-title"
  >
    fetchNote.asyncCalls
  </span>
  <div
    className="fetchAllNotes"
  >
    <a
      className="btn waves-effect fetch-note-filter-btn"
      onClick={[Function]}
      role="button"
    >
      fetchNote.fetchAllNotes
    </a>
  </div>
</div>
`;
