// Jest Snapshot v1, https://goo.gl/fbAQLP

exports[`ContentLoader should renders correctly 1`] = `
<div
  className="contentLoader"
>
  <ContentLoader
    height={400}
    primaryColor="#f3f3f3"
    secondaryColor="#ecebeb"
    speed={2}
    width={400}
  >
    <rect
      height="15.093"
      rx="4"
      ry="4"
      width="76.63000000000001"
      x="160.5"
      y="11"
    />
    <rect
      height="151.35999999999999"
      rx="1"
      ry="1"
      width="275.40000000000003"
      x="60.5"
      y="35.05"
    />
  </ContentLoader>
</div>
`;
