// Jest Snapshot v1, https://goo.gl/fbAQLP

exports[`Dropdown should renders correctly 1`] = `
Array [
  <ul
    className="dropdown-content"
    id="id"
  >
    <li>
      <a
        href="/dropdown"
        onClick={[Function]}
      >
        dropdown.dropdown
      </a>
    </li>
  </ul>,
  ",",
]
`;
