// Jest Snapshot v1, https://goo.gl/fbAQLP

exports[`Carousel should renders correctly 1`] = `
<div
  className="carousel carousel-slider center z-depth-3"
  data-indicators="true"
>
  <div
    className="carousel-fixed-item center"
  >
    <a
      className="btn tooltipped waves-effect white grey-text text-darken-2"
      onClick={[Function]}
      role="button"
    >
      carousel.focusButtonText
    </a>
  </div>
  <a
    className="carousel-item green white-text"
    href="#one!"
  >
    <h2>
      carousel.firstPanelTitle
    </h2>
    <p>
      carousel.firstPanelDescription
    </p>
  </a>
  <a
    className="carousel-item amber white-text"
    href="#two!"
  >
    <h2>
      carousel.secondPanelTitle
    </h2>
    <p>
      carousel.secondPanelDescription
    </p>
  </a>
  <a
    className="carousel-item red white-text"
    href="#three!"
  >
    <h2>
      carousel.thirdPanelTitle
    </h2>
    <p>
      carousel.thirdPanelDescription
    </p>
  </a>
  <a
    className="carousel-item purple white-text"
    href="#four!"
  >
    <h2>
      carousel.fourthPanelTitle
    </h2>
    <p>
      carousel.fourthPanelDescription
    </p>
  </a>
</div>
`;
